// Jest Snapshot v1, https://goo.gl/fbAQLP

exports[`Renders a HelloButton without crashing. 1`] = `
<button
  className="testClassName"
  onClick={[Function]}
>
  Hello
</button>
`;
